<repo>/docs/plans/shipping-hot-risk-intelligence-2026-09-29.md
<repo>/docs/plans/shipping-hot-standalone-content-2026-09-10.md
<repo>/docs/plans/shipping-hot-v1.md
<repo>/docs/plans/shipping-hot-v2.md
<repo>/docs/status.md
<repo>/docs/v3-real-provider-matrix.md
<repo>/docs/voyage-provider-gap.md

## project-markdown-count
67

## root-entries
<repo>/.cursorindexingignore
<repo>/.data
<repo>/.dockerignore
<repo>/.env.local
<repo>/.git
<repo>/.github
<repo>/.gitignore
<repo>/.nvmrc
<repo>/.pnpm-store
<repo>/.tanstack
<repo>/.tmp
<repo>/.vscode
<repo>/AGENTS.md
<repo>/Dockerfile
<repo>/LICENSE
<repo>/README.md
<repo>/dist
<repo>/docker-compose.local.yml
<repo>/docker-compose.yml
<repo>/docs
<repo>/eslint.config.mjs
<repo>/example.env.server
<repo>/imports.app.d.ts
<repo>/index.html
<repo>/nitro.config.ts
<repo>/node_modules
<repo>/package.json
<repo>/patches
<repo>/pnpm-lock.yaml
<repo>/prototypes
<repo>/public
<repo>/pwa.config.ts
<repo>/screenshots
<repo>/scripts
<repo>/server
<repo>/shared
<repo>/src
<repo>/test
<repo>/tsconfig.app.json
<repo>/tsconfig.app.tsbuildinfo
<repo>/tsconfig.base.json
<repo>/tsconfig.json
<repo>/tsconfig.node.json
<repo>/tsconfig.node.tsbuildinfo
<repo>/uno.config.ts
<repo>/vite.config.ts
<repo>/vitest.config.ts
